// Jest Snapshot v1, https://goo.gl/fbAQLP

exports[`<ErrorMessage /> should render the error message component properly 1`] = `
<DocumentFragment>
  <div
    class="error-message"
  >
    <svg>
      error.svg
    </svg>
    <p
      class="error-message__description"
    >
      An error occurred
    </p>
    <button
      class="button error-message__button button--solid button--none "
      type="button"
    >
      Try again
    </button>
  </div>
</DocumentFragment>
`;
