// Jest Snapshot v1, https://goo.gl/fbAQLP

exports[`<GifCardList /> should render the GIF card list component properly 1`] = `
<DocumentFragment>
  <div
    class="card-list"
    data-testid="card-list"
  >
    <div
      class="card-list__column"
      style="width: 25%;"
    >
      <div
        class="lazyload-wrapper "
      >
        <span>
          <span
            class="react-loading-skeleton css-1eg0sfo-skeletonStyles-Skeleton"
          >
            ‌
          </span>
        </span>
      </div>
      <div
        class="lazyload-wrapper "
      >
        <span>
          <span
            class="react-loading-skeleton css-1eg0sfo-skeletonStyles-Skeleton"
          >
            ‌
          </span>
        </span>
      </div>
    </div>
    <div
      class="card-list__column"
      style="width: 25%;"
    >
      <div
        class="lazyload-wrapper "
      >
        <span>
          <span
            class="react-loading-skeleton css-1eg0sfo-skeletonStyles-Skeleton"
          >
            ‌
          </span>
        </span>
      </div>
    </div>
    <div
      class="card-list__column"
      style="width: 25%;"
    >
      <div
        class="lazyload-wrapper "
      >
        <span>
          <span
            class="react-loading-skeleton css-1eg0sfo-skeletonStyles-Skeleton"
          >
            ‌
          </span>
        </span>
      </div>
    </div>
    <div
      class="card-list__column"
      style="width: 25%;"
    >
      <div
        class="lazyload-wrapper "
      >
        <span>
          <span
            class="react-loading-skeleton css-1eg0sfo-skeletonStyles-Skeleton"
          >
            ‌
          </span>
        </span>
      </div>
    </div>
  </div>
</DocumentFragment>
`;
